% Git for fun and profit!
% Jesse Keating and Adam Monsen
% April 28, 2013

# Intro

<!--
Conference: LinuxFest Northwest 2013
Target audience: git beginner to intermediate
-->

<!-- Adam -->

- What we'll cover
    - good stuff
- What we won't cover
    - bad stuff

# Credits

<!-- Adam -->

- Thank you, LFNW, thank you BLUG!

# What is git?

<!-- Both -->

- Snapshot management
    - each "commit" is a snapshot of the tree instead of patches

- Distributed
    - Everybody gets a complete copy
    - Awesome for offline use
    - Awesome for contributors to collaborate

- Designed around multiple contributors
    - Tools to easily pass changes around
    - Differentiate between author, committer (and pusher, not recorded)

- Git is better than everything
    - <http://whygitisbetterthanx.com/>

# Get Started (1/2)

<!-- Jesse -->

- git init
<div class="handout">
<pre>
$ mkdir project
$ cd project
$ git init .
</pre>
</div>

- git status
<div class="handout">
<pre>
$ git status
# On branch master
#
# Initial commit
#
nothing to commit (create/copy files and use "git add" to track)
</pre>
</div>

- git add
<div class="handout">
<pre>
$ echo "Hello World" > README
$ git add README
</pre>
</div>

<!-- Adam -->

- git commit
    - Commit styles
    - Teach your developers how to write [proper commit log messages](http://mifosforge.jira.com/wiki/display/MIFOS/Commit+Log+Guide).

<!-- Jesse -->

- git log

# Get Started (2/2)

<!-- Jesse -->

- git show
    - git log -p
<div class="handout">
Add a few more files and commits to show more data in the log
</div>

<!-- Adam -->

- git clone
<div class="handout">
<pre>
$ mkdir myclones
$ cd myclones
$ git clone ../project
</pre>
</div>

- git diff
    - wtf is origin?
<div class="handout">
Add some changes to existing files to show the diff
Explore some diff options by looking at git diff --help
</div>

- git pull
<div class="handout">
Go back to project/ directory and commit some changes.  Then go to the clone
and do the pull
</div>

<!-- Jesse -->

- git tag
    - lightweight vs annotated
    - with gpg key

# Get a Safety Net

<!-- Jesse -->

- dry runs
    - not an oxymoron

<!-- Adam -->

- git checkout FILE
<div class="handout">
<ol>
    <li>make local changes</li>
    <li>revert changes in one file with <code>git checkout file</code></li>
</ol>
Sometimes <code>git checkout -- file</code> syntax is required.
</div>

- git reset
<div class="handout">
<pre>
$ git reset --help
$ git reset
$ git reset --hard
</pre>
</div>

- git reflog
    - recover lost commits
    - <http://gitready.com/intermediate/2009/02/09/reflog-your-safety-net.html>
    - <http://gitready.com/advanced/2009/01/17/restoring-lost-commits.html>
<div class="handout">
<pre>
# make changes
$ git commit -m 'first'
# make more changes
$ git commit -m 'second'
# whoops! blow away 'second'
$ git reset --hard HEAD^
# hooray, git still has it
$ git reflog
$ git merge HEAD@{1}
</pre>
</div>

# Get along with other people (1/2)

<!-- Adam -->

- GitHub at a glance
    - very popular, integrates with everything
    - lightning-fast collaboration
    - proprietary, but most data+history are in git
    - if you can use Git, you can use GitHub
- GitHub pull request demo
    - create branch
    - commit change
    - push change
    - create PR
    - merge PR
    - delete branch

<div class="handout">
<p>This section used to be about creating a stand-alone bare clone to share
with others over SSH. This still works, of course, but you'll probably also
want to learn GitHub since so many people use it.</p>
<p>Warning: some data is not in saved your git repo. For instance: pull request
description/body, code reviews. It may be possible to export this.</p>
</div>

<!-- Jesse -->

<!-- TODO: Talk about github here too -->

- Creating patches
    - format-patch
    - git diff
    - git send-email
<div class="handout">
Create some more changes but don't commit.
<pre>
$ git diff > foo.patch
</pre>
Now commit it (and more) and then use format-patch to get the patch(es)
<pre>
$ git format-patch HEAD^
$ git format-patch <hash>^
</pre>
Finally show how you can send email directly with many options
<pre>
$ git send-email --compose --to anaconda-devel-list@redhat.com --subject "Stuff" HEAD^^
</pre>
</div>

# Get along with other people (2/2)

<!-- Jesse -->

<!-- TODO: talk about how this is what a pull request is doing -->

- Applying patches
    - git apply
    - git am
    - signed-off-by
    - format-patch / am is better because context

- Sharing your changes
    - git send-email
    - pull requests

<!-- Adam -->

- Cherry picking
    - diff-and-apply from anywhere to anywhere
    - consider `-x`, as in `git cherry-pick -x COMMIT`
<div class="handout">
<ol>
    <li>commit something to a branch<li>
    <li>cherry-pick it onto another branch<li>
</ol>
</div>

- Conflict resolution
    - software (including git) doesn't help much
    - great communication does!

# Get Clever (1/2)

<!-- Adam -->

- git blame
<div class="handout">
<pre>
$ git blame
</pre>
</div>

- git stash
<div class="handout">
Make some local modifications, then
<pre>
$ git stash
# or
$ git stash save 'WIP almost cracked SHA-512'
$ git stash list
$ git stash show -p
$ git stash pop
# or
$ git stash drop
</pre>
</div>

- interactive commit
    - just like `add -p` followed by commit
<div class="handout">
Make some local modifications, then
<pre>
$ git commit --interactive
</pre>
</div>

- complex merges
    - When should you merge, when should you rebase?

- rebase
    - interactive
    - rebase to a branch
    - pull --rebase
    - odd name, very useful and easy

<!-- Jesse -->
<!-- TODO: put in stuff for git grep, git show of other branches -->

# Get Clever (2/2)

<!-- Adam -->

- bisect ([demo repo](https://github.com/meonkeys/secret-octo-ironman))
    - binary search for commit introducing bug

- Interactive revert
    - <http://stackoverflow.com/a/2383361/156060>

- hand-edited commits
    - <http://stackoverflow.com/a/2333917/156060>

# Get efficient

<!-- Adam -->

- git-enhanced shell prompt
    - invaluable info included in prompt
    - git command argument tab-completion

- [set `core.autocrlf` appropriately!](http://help.github.com/line-endings/)

- use [snerk-util git scripts](https://github.com/meonkeys/snerk-util/tree/master/git) for operating on many git repositories at once
    - also consider submodules

- see handout for handy config settings

<div class="handout">
Paste these right into <code>~/.gitconfig</code>. See
<code>git-config(1)</code> manpage for details.
<pre>
# svn-like, plus shows diff in editor
alias.ci=commit -v

# great for avoiding unexpected merges
alias.pf=pull --ff-only

# useful for rebasing often
alias.pr=pull --rebase

# detailed log command I use often
alias.plog=log --decorate --find-copies-harder -c -C -M -p

# summary log command I use often
alias.slog=log --decorate --find-copies-harder -C -M --stat

# svn-like
alias.st=status

# provides handy visual cues
color.ui=auto

# only push upstream branch matching currently checked-out branch
push.default=upstream
</pre>
</div>

# Further reading

<!-- Adam -->

- Read [Pro Git](http://progit.org)!
- Now. Do it now.

<center><a href="http://progit.org"><img src="http://progit.org/images/book-big.jpg" /></a></center>

- [git reference manual](http://schacon.github.com/git/git.html) (man pages)
- [a complete workflow recommendation](https://gist.github.com/2015828)


<!--
vim: ft=markdown
-->
